// Jest Snapshot v1, https://goo.gl/fbAQLP

exports[`<App /> should render and match the snapshot 1`] = `
<React.Fragment>
  <Connect(ConnectedRouterWithContext)>
    <Switch>
      <Route
        component={[Function]}
        exact={true}
        path="/"
      />
      <Route
        component={[Function]}
        path="/home"
      />
      <Route
        component={[Function]}
        path="/features"
      />
      <Route
        component={[Function]}
      />
    </Switch>
  </Connect(ConnectedRouterWithContext)>
  <GlobalStyleComponent />
</React.Fragment>
`;
